// Jest Snapshot v1, https://goo.gl/fbAQLP

exports[`Footer renders Footer without errors 1`] = `
<footer
  className="bg-dark text-white mt-5 p-4 text-center"
>
  Copyright Â© 
  2019
   Forum example
</footer>
`;
